%%
((http)|(ftp))s?:\/\/[a-zA-Z0-9](.[a-z])+(.[a-zA-Z0-9+=?]) {printf("\nURL Valid\n");}

.+ {printf("\nURL Invalid\n");}

%%
void main()
{
	printf("\nEnter URL : ");
	yylex();
	printf("\n");
}
int yywrap()
{
}

OUTPUT:
C:\Users\VAISHNAVI\OneDrive\Desktop\LEX Compiler Design>set path=C:\Program Files\GnuWin32\bin

C:\Users\VAISHNAVI\OneDrive\Desktop\LEX Compiler Design>flex URL.L.TXT

C:\Users\VAISHNAVI\OneDrive\Desktop\LEX Compiler Design>set path=C:\MinGW\bin

C:\Users\VAISHNAVI\OneDrive\Desktop\LEX Compiler Design>gcc lex.yy.c

C:\Users\VAISHNAVI\OneDrive\Desktop\LEX Compiler Design>a.exe

Enter URL : https:\\www.sse.in

URL Invalid

https://www.sse.in

URL Valid
